exports[`Matcher Composition should match a variable 1`] = `
<div>
  <div>
    VariableDeclarator
  </div>
</div>
`;
